I'm sorry, but errors were detected in your script. Please correct the
errors listed below, and try again.


File "game/credit_scene.rpy", line 2: expected 'name' not found.
    hide screen
               ^

Ren'Py Version: Ren'Py 6.99.1.329
